g++ : In file included from src/core/Game.cpp:11:0:
所在位置 行:1 字符: 1
+ g++ -std=c++11 -Wall src/core/Game.cpp -o game.exe > compile.log 2>&1
+ ~~~~~~~~~~~~~~~~~~~~~~~~~~~~~~~~~~~~~~~~~~~~~~~~~~~~~~~~~~~~~~~~~~~~~
    + CategoryInfo          : NotSpecified: (In file include.../Game.cpp:11:0: 
   :String) [], RemoteException
    + FullyQualifiedErrorId : NativeCommandError
 
src/core/MobSystem.h: In constructor 'MobInstance::MobInstance(int, double, dou
ble, double, int)':
src/core/MobSystem.h:69:9: warning: 'MobInstance::lastGridCol' will be initiali
zed after [-Wreorder]
     int lastGridCol;
         ^~~~~~~~~~~
src/core/MobSystem.h:63:9: warning:   'int MobInstance::baseGold' [-Wreorder]
     int baseGold;
         ^~~~~~~~
src/core/MobSystem.h:71:5: warning:   when initialized here [-Wreorder]
     MobInstance(int type, double row, double col, double speed, int wave)
     ^~~~~~~~~~~
src/core/MobSystem.h:63:9: warning: 'MobInstance::baseGold' will be initialized
 after [-Wreorder]
     int baseGold;
         ^~~~~~~~
src/core/MobSystem.h:49:9: warning:   'int MobInstance::maxHealth' [-Wreorder]
     int maxHealth;
         ^~~~~~~~~
src/core/MobSystem.h:71:5: warning:   when initialized here [-Wreorder]
     MobInstance(int type, double row, double col, double speed, int wave)
     ^~~~~~~~~~~
In file included from src/core/Game.cpp:11:0:
src/core/MobSystem.h: In constructor 'MobSystemManager::MobSystemManager(std::v
ector<Mob>&, GameMap&, int&, int&, bool)':
src/core/MobSystem.h:126:14: warning: 'MobSystemManager::gameMap' will be initi
alized after [-Wreorder]
     GameMap& gameMap;
              ^~~~~~~
src/core/MobSystem.h:121:9: warning:   'int MobSystemManager::currentWaveIndex'
 [-Wreorder]
     int currentWaveIndex;
         ^~~~~~~~~~~~~~~~
src/core/MobSystem.h:136:5: warning:   when initialized here [-Wreorder]
     MobSystemManager(vector<Mob>& mobTypes_, GameMap& gameMap_, int &money_, i
nt &baseHP_, bool demoMode = false)
     ^~~~~~~~~~~~~~~~
src/core/MobSystem.h:134:10: warning: 'MobSystemManager::baseHPRef' will be ini
tialized after [-Wreorder]
     int &baseHPRef;
          ^~~~~~~~~
src/core/MobSystem.h:128:10: warning:   'bool MobSystemManager::useDemoAlgorith
m' [-Wreorder]
     bool useDemoAlgorithm;
          ^~~~~~~~~~~~~~~~
src/core/MobSystem.h:136:5: warning:   when initialized here [-Wreorder]
     MobSystemManager(vector<Mob>& mobTypes_, GameMap& gameMap_, int &money_, i
nt &baseHP_, bool demoMode = false)
     ^~~~~~~~~~~~~~~~
src/core/MobSystem.h:130:10: warning: 'MobSystemManager::demoWaitingForNextWave
' will be initialized after [-Wreorder]
     bool demoWaitingForNextWave;
          ^~~~~~~~~~~~~~~~~~~~~~
src/core/MobSystem.h:118:10: warning:   'bool MobSystemManager::demoRenderDirty
' [-Wreorder]
     bool demoRenderDirty;
          ^~~~~~~~~~~~~~~
src/core/MobSystem.h:136:5: warning:   when initialized here [-Wreorder]
     MobSystemManager(vector<Mob>& mobTypes_, GameMap& gameMap_, int &money_, i
nt &baseHP_, bool demoMode = false)
     ^~~~~~~~~~~~~~~~
src/core/MobSystem.h: In member function 'void MobSystemManager::loadMobStatsFr
omFile()':
src/core/MobSystem.h:1007:24: warning: unused variable 'colonPos' [-Wunused-var
iable]
                 size_t colonPos = line.find(':');
                        ^~~~~~~~
src/core/Game.cpp: In function 'bool displayGameScreen(std::__cxx11::string, in
t)':
src/core/Game.cpp:415:9: warning: variable 'sellTowerIndex' set but not used [-
Wunused-but-set-variable]
     int sellTowerIndex = -1;
         ^~~~~~~~~~~~~~
