g++ : In file included from test_wave_and_movement.cpp:8:0:
所在位置 行:1 字符: 1
+ g++ -std=c++11 -Wall test_wave_and_movement.cpp -o test_wave.exe 2>&1 ...
+ ~~~~~~~~~~~~~~~~~~~~~~~~~~~~~~~~~~~~~~~~~~~~~~~~~~~~~~~~~~~~~~~~~~~~~
    + CategoryInfo          : NotSpecified: (In file include...vement.cpp:8:0: 
   :String) [], RemoteException
    + FullyQualifiedErrorId : NativeCommandError
 
src/core/MobSystem.h: In constructor 'MobInstance::MobInstance(int, double, dou
ble, double, int)':
src/core/MobSystem.h:72:9: warning: 'MobInstance::lastGridCol' will be initiali
zed after [-Wreorder]
     int lastGridCol;
         ^~~~~~~~~~~
src/core/MobSystem.h:66:9: warning:   'int MobInstance::baseGold' [-Wreorder]
     int baseGold;
         ^~~~~~~~
src/core/MobSystem.h:74:5: warning:   when initialized here [-Wreorder]
     MobInstance(int type, double row, double col, double speed, int wave)
     ^~~~~~~~~~~
src/core/MobSystem.h:66:9: warning: 'MobInstance::baseGold' will be initialized
 after [-Wreorder]
     int baseGold;
         ^~~~~~~~
src/core/MobSystem.h:48:9: warning:   'int MobInstance::maxHealth' [-Wreorder]
     int maxHealth;
         ^~~~~~~~~
src/core/MobSystem.h:74:5: warning:   when initialized here [-Wreorder]
     MobInstance(int type, double row, double col, double speed, int wave)
     ^~~~~~~~~~~
test_wave_and_movement.cpp: At global scope:
test_wave_and_movement.cpp:10:7: error: expected nested-name-specifier before '
namespace'
 using namespace std;
       ^~~~~~~~~
test_wave_and_movement.cpp:105:1: error: expected '}' at end of input
 }
 ^
In file included from test_wave_and_movement.cpp:8:0:
src/core/MobSystem.h: In constructor 'MobSystemManager::MobSystemManager(std::v
ector<Mob>&, GameMap&, int&, int&, bool)':
src/core/MobSystem.h:135:14: warning: 'MobSystemManager::gameMap' will be initi
alized after [-Wreorder]
     GameMap& gameMap;
              ^~~~~~~
src/core/MobSystem.h:130:9: warning:   'int MobSystemManager::currentWaveIndex'
 [-Wreorder]
     int currentWaveIndex;
         ^~~~~~~~~~~~~~~~
src/core/MobSystem.h:145:5: warning:   when initialized here [-Wreorder]
     MobSystemManager(vector<Mob>& mobTypes_, GameMap& gameMap_, int &money_, i
nt &baseHP_, bool demoMode = false)
     ^~~~~~~~~~~~~~~~
src/core/MobSystem.h:143:10: warning: 'MobSystemManager::baseHPRef' will be ini
tialized after [-Wreorder]
     int &baseHPRef;
          ^~~~~~~~~
src/core/MobSystem.h:137:10: warning:   'bool MobSystemManager::useDemoAlgorith
m' [-Wreorder]
     bool useDemoAlgorithm;
          ^~~~~~~~~~~~~~~~
src/core/MobSystem.h:145:5: warning:   when initialized here [-Wreorder]
     MobSystemManager(vector<Mob>& mobTypes_, GameMap& gameMap_, int &money_, i
nt &baseHP_, bool demoMode = false)
     ^~~~~~~~~~~~~~~~
src/core/MobSystem.h:139:10: warning: 'MobSystemManager::demoWaitingForNextWave
' will be initialized after [-Wreorder]
     bool demoWaitingForNextWave;
          ^~~~~~~~~~~~~~~~~~~~~~
src/core/MobSystem.h:128:10: warning:   'bool MobSystemManager::demoRenderDirty
' [-Wreorder]
     bool demoRenderDirty;
          ^~~~~~~~~~~~~~~
src/core/MobSystem.h:145:5: warning:   when initialized here [-Wreorder]
     MobSystemManager(vector<Mob>& mobTypes_, GameMap& gameMap_, int &money_, i
nt &baseHP_, bool demoMode = false)
     ^~~~~~~~~~~~~~~~
src/core/MobSystem.h: In member function 'void MobSystemManager::loadLevelDesig
n(int)':
src/core/MobSystem.h:205:81: error: 'parseSpawnLine' was not declared in this s
cope
                     parseSpawnLine(spawnPart, count, mobType, spawnRow, spawnC
ol);
                                                                               
  ^
src/core/MobSystem.h:237:72: error: 'parseSpawnLine' was not declared in this s
cope
                 parseSpawnLine(line, count, mobType, spawnRow, spawnCol);
                                                                        ^
src/core/MobSystem.h: In member function 'void MobSystemManager::processTowerAt
tacks(const std::vector<Tower>&)':
src/core/MobSystem.h:559:56: error: 'damageToMob' was not declared in this scop
e
                     damageToMob(target, tower.hitpoints);
                                                        ^
src/core/MobSystem.h:573:57: error: 'damageToMob' was not declared in this scop
e
                         damageToMob(mob, tower.hitpoints);
                                                         ^
src/core/MobSystem.h:586:57: error: 'damageToMob' was not declared in this scop
e
                         damageToMob(mob, tower.hitpoints);
                                                         ^
src/core/MobSystem.h:591:64: error: 'applyMobModifier' was not declared in this
 scope
                         applyMobModifier(mob, slowMod, gameTime);
                                                                ^
src/core/MobSystem.h:605:57: error: 'damageToMob' was not declared in this scop
e
                         damageToMob(mob, tower.hitpoints);
                                                         ^
src/core/MobSystem.h:629:52: error: 'getEffectiveMobArmor' was not declared in 
this scope
                     if (getEffectiveMobArmor(target) > 0) damage = 50;
                                                    ^
src/core/MobSystem.h:630:47: error: 'damageToMob' was not declared in this scop
e
                     damageToMob(target, damage);
                                               ^
src/core/MobSystem.h:652:67: error: 'getEffectiveMobArmor' was not declared in 
this scope
                     int finalDamage = (getEffectiveMobArmor(target) > 0) ? bas
eDamage * 2 : baseDamage;
                                                                   ^
src/core/MobSystem.h:653:52: error: 'damageToMob' was not declared in this scop
e
                     damageToMob(target, finalDamage);
                                                    ^
src/core/MobSystem.h:675:59: error: 'damageToMob' was not declared in this scop
e
                     bool dead = damageToMob(target, damage);
                                                           ^
src/core/MobSystem.h:702:47: error: 'damageToMob' was not declared in this scop
e
                     damageToMob(target, damage);
                                               ^
src/core/MobSystem.h:703:57: error: 'getMobReward' was not declared in this sco
pe
                     int baseReward = getMobReward(target);
                                                         ^
In file included from test_wave_and_movement.cpp:8:0:
src/core/MobSystem.h: In member function 'void MobSystemManager::update(double,
 const std::vector<Tower>&)':
src/core/MobSystem.h:746:67: error: 'updateMobDynamicStats' was not declared in
 this scope
                             updateMobDynamicStats(newMob, gameTime);
                                                                   ^
src/core/MobSystem.h:789:63: error: 'updateMobDynamicStats' was not declared in
 this scope
                         updateMobDynamicStats(newMob, gameTime);
                                                               ^
src/core/MobSystem.h:822:48: error: 'updateMobDynamicStats' was not declared in
 this scope
             updateMobDynamicStats(mob, gameTime);
                                                ^
src/core/MobSystem.h:825:85: error: 'getPathForSpawn' was not declared in this 
scope
             auto pathCommands = getPathForSpawn(mob.spawnPointRow, mob.spawnPo
intCol);
                                                                               
      ^
src/core/MobSystem.h:943:47: error: 'getMobReward' was not declared in this sco
pe
                     moneyRef += getMobReward(m);
                                               ^
src/core/MobSystem.h:951:48: error: a function-definition is not allowed here b
efore '{' token
     void renderAttackFlashes(int mapStartLine) {
                                                ^
src/core/MobSystem.h:1276:1: error: expected '}' at end of input
 };
 ^
test_wave_and_movement.cpp: In member function 'int MobSystemManager::main()':
test_wave_and_movement.cpp:25:35: error: 'loadGameData' was not declared in thi
s scope
     loadGameData(gameMap, mobTypes);
                                   ^
test_wave_and_movement.cpp:39:46: error: 'class MobSystemManager' has no member
 named 'getCurrentWaveIndex'; did you mean 'currentWaveIndex'?
     cout << "  Current wave: " << (mobSystem.getCurrentWaveIndex() + 1) << end
l;
                                              ^~~~~~~~~~~~~~~~~~~
test_wave_and_movement.cpp:40:55: error: 'class MobSystemManager' has no member
 named 'getTotalSpawnsCurrentWave'
     cout << "  Spawns in current wave: " << mobSystem.getTotalSpawnsCurrentWav
e() << endl;
                                                       ^~~~~~~~~~~~~~~~~~~~~~~~
~
test_wave_and_movement.cpp:56:15: error: 'class MobSystemManager' has no member
 named 'loadBackendPaths'
     mobSystem.loadBackendPaths(pathData);
               ^~~~~~~~~~~~~~~~
test_wave_and_movement.cpp:79:40: error: 'class MobSystemManager' has no member
 named 'getActiveMobCount'
             int activeMobs = mobSystem.getActiveMobCount();
                                        ^~~~~~~~~~~~~~~~~
test_wave_and_movement.cpp:80:39: error: 'class MobSystemManager' has no member
 named 'getRemainingInCurrentWave'; did you mean 'demoWaitingForNextWave'?
             int remaining = mobSystem.getRemainingInCurrentWave();
                                       ^~~~~~~~~~~~~~~~~~~~~~~~~
test_wave_and_movement.cpp:81:35: error: 'class MobSystemManager' has no member
 named 'getTotalSpawnsCurrentWave'
             int total = mobSystem.getTotalSpawnsCurrentWave();
                                   ^~~~~~~~~~~~~~~~~~~~~~~~~
test_wave_and_movement.cpp:95:46: error: 'class MobSystemManager' has no member
 named 'getActiveMobCount'
     cout << "鉁?Active mobs: " << mobSystem.getActiveMobCount() << endl;
                                              ^~~~~~~~~~~~~~~~~
test_wave_and_movement.cpp:98:48: error: 'class MobSystemManager' has no member
 named 'getCurrentWaveIndex'; did you mean 'currentWaveIndex'?
     cout << "鉁?Current wave: " << (mobSystem.getCurrentWaveIndex() + 1) << end
l;
                                                ^~~~~~~~~~~~~~~~~~~
test_wave_and_movement.cpp:37:9: warning: unused variable 'waveCount' [-Wunused
-variable]
     int waveCount = mobSystem.allWavesSpawned() ? 0 : 1;
         ^~~~~~~~~
test_wave_and_movement.cpp: At global scope:
test_wave_and_movement.cpp:105:1: error: expected unqualified-id at end of inpu
t
 }
 ^
