
========== Backend Array Tower Updates Test ==========

[1] Loading map for Level 1...
鉁?Map loaded

[2] Initial backend array state (rows 4-7, cols 5-15):
Row 4: ...........
Row 5: ...........
Row 6: ...........
Row 7: ...........

[3] Placing tower at center position (5, 10)...
鉁?Tower placed in backend array

[4] Backend array after tower placement (rows 4-7, cols 5-15):
Row 4: ....TTT....
Row 5: ....TTT....
Row 6: ....TTT....
Row 7: ...........

[5] Verifying 3x3 tower area is marked as 'T':
   鉁?All 9 cells of 3x3 area correctly marked as 'T'

[6] Selling tower at position (5, 10)...
鉁?Tower removed from backend array

[7] Backend array after tower removal (rows 4-7, cols 5-15):
Row 4: ...........
Row 5: ...........
Row 6: ...........
Row 7: ...........

[8] Verifying 3x3 tower area is restored to '.':
   鉁?All 9 cells of 3x3 area correctly restored to '.' (buildable)

[9] Testing multiple tower placements...
   鉁?Tower placed at (8, 20)
   鉁?Tower placed at (12, 30)
   鉁?Tower placed at (16, 40)

[10] Backend array with multiple towers (rows 7-18, cols 15-45):
Row 7: ....TTT........................
Row 8: ....TTT........................
Row 9: ....TTT........................
Row 10: ...............................
Row 11: ..............TTT..............
Row 12: ..............TTT..............
Row 13: ..............TTT..............
Row 14: ...............................
Row 15: ........................TTT....
Row 16: ........................TTT....
Row 17: ........................TTT....
Row 18: ...............................

[11] Total 'T' cells in array: 27 (expected 36)

========== Test Summary ==========
鉁?Backend array initialized
鉁?Tower placement updates array in real-time
鉁?3x3 tower area marked with 'T'
鉁?Tower removal restores area to '.'
鉁?Multiple towers supported
鉁?All tests passed!
